[    0.000000] Initializing cgroup subsys cpuset
[    0.000000] Initializing cgroup subsys cpu
[    0.000000] Initializing cgroup subsys cpuacct
[    0.00000]inx veio4.4.0-135-generic (buildd@lcy01-amd64-020) (gcc version 5.4.0 20160609 (Ubuntu 5.4.0-6ubuntu1~16.04.10) ) #161-Ubuntu SMP Mon Aug 27 10:45:01 UTC 2018 (Ubuntu 4.4.0-135.161-generic 4.4.140)
[    0.000000] Command line: BOOT_IMAGE=/boot/vmlinuz-4.4.0-135-generic root=LABEL=cloudimg-rootfs ro console=tty1 console=ttyS0
[    0.000000] KERNEL supported cpus:
[    0.000000]   Intel GenuineIntel
[    0.000000]   AMD AuthenticAMD
[    0.000000]   Centaur CentaurHauls
[    0.000000] x86/fpu: xstate_offset[2]:  576, xstate_sizes[2]:  256
[    0.000000] x86/fpu: Supporting XSAVE feature 0x01: 'x87 floating point registers'
[    0.000000] x86/fpu: Supporting XSAVE feature 0x02: 'SSE registers'
[    0.000000] x86/fpu: Supporting XSAVE feature 0x04: 'AVX registers'
[    0.000000] x86/fpu: Enabled xstate features 0x7, context size is 832 bytes, using 'standard' format.
[    0.000000] e820: BIOS-provided physical RAM map:
[    0.000000] BIOS-e820: [mem 0x0000000000000000-0x000000000009fbff] usable
[    0.000000] BIOS-e820: [mem 0x000000000009fc00-0x000000000009ffff] reserved
[    0.000000] BIOS-e820: [mem 0x00000000000f0000-0x00000000000fffff] reserved
[    0.000000] BIOS-e820: [mem 0x0000000000100000-0x000000000ffeffff] usable
[    0.000000] BIOS-e820: [mem 0x000000000fff0000-0x000000000fffffff] ACPI data
[    0.000000] BIOS-e820: [mem 0x00000000fec00000-0x00000000fec00fff] reserved
[    0.000000] BIOS-e820: [mem 0x00000000fee00000-0x00000000fee00fff] reserved
[    0.000000] BIOS-e820: [mem 0x00000000fffc0000-0x00000000ffffffff] reserved
[    0.000000] NX (Execute Disable) protection: active
[    0.000000] SMBIOS 2.5 present.
[    0.000000] Hypervisor detected: KVM
[    0.000000] e820: last_pfn = 0xfff0 max_arch_pfn = 0x400000000
[    0.000000] MTRR: Disabled
[    0.000000] x86/PAT: MTRRs disabled, skipping PAT initialization too.
[    0.000000] CPU MTRRs all blank - virtualized system.
[    0.000000] x86/PAT: Configuration [0-7]: WB  WT  UC- UC  WB  WT  UC- UC  
[    0.000000] found SMP MP-table at [mem 0x0009fff0-0x0009ffff] mapped at [ffff88000009fff0]
[    0.000000] Scanning 1 areas for low memory corruption
[    0.000000] RAMDISK: [mem 0x0e98f000-0x0f801fff]
[    0.000000] ACPI: Early table checksum verification disabled
[    0.000000] ACPI: RSDP 0x00000000000E0000 000024 (v02 VBOX  )
[    0.000000] ACPI: XSDT 0x000000000FFF0030 00003C (v01 VBOX   VBOXXSDT 00000001 ASL  00000061)
[    0.000000] ACPI: FACP 0x000000000FFF00F0 0000F4 (v04 VBOX   VBOXFACP 00000001 ASL  00000061)
[    0.000000] ACPI: DSDT 0x000000000FFF0470 0021FF (v02 VBOX   VBOXBIOS 00000002 INTL 20160930)
[    0.000000] ACPI: FACS 0x000000000FFF0200 000040
[    0.000000] ACPI: FACS 0x000000000FFF0200 000040
[    0.000000] ACPI: APIC 0x000000000FFF0240 00005C (v02 VBOX   VBOXAPIC 00000001 ASL  00000061)
[    0.000000] ACPI: SSDT 0x000000000FFF02A0 0001CC (v01 VBOX   VBOXCPUT 00000002 INTL 20160930)
[    0.000000] No NUMA configuration found
[    0.000000] Faking a node at [mem 0x0000000000000000-0x000000000ffeffff]
[    0.000000] NODE_DATA(0) allocated [mem 0x0ffeb000-0x0ffeffff]
[    0.000000] kvm-clock: Using msrs 4b564d01 and 4b564d00
[    0.000000] kvm-clock: cpu 0, msr 0:ffe3001, primary cpu clock
[    0.000000] kvm-clock: using sched offset of 3525370966 cycles
[    0.000000] clocksource: kvm-clock: mask: 0xffffffffffffffff max_cycles: 0x1cd42e4dffb, max_idle_ns: 881590591483 ns
[    0.000000] Zone ranges:
[    0.000000]   DMA      [mem 0x0000000000001000-0x0000000000ffffff]
[    0.000000]   DMA32    [mem 0x0000000001000000-0x000000000ffeffff]
[    0.000000]   Normal   empty
[    0.000000]   Device   empty
[    0.000000] Movable zone start for each node
[    0.000000] Early memory node ranges
[    0.000000]   node   0: [mem 0x0000000000001000-0x000000000009efff]
[    0.000000]   node   0: [mem 0x0000000000100000-0x000000000ffeffff]
[    0.000000] Initmem setup node 0 [mem 0x0000000000001000-0x000000000ffeffff]
[    0.000000] ACPI: PM-Timer IO Port: 0x4008
[    0.000000] IOAPIC[0]: apic_id 2, version 32, address 0xfec00000, GSI 0-23
[    0.000000] ACPI: INT_SRC_OVR (bus 0 bus_irq 0 global_irq 2 dfl dfl)
[    0.000000] ACPI: INT_SRC_OVR (bus 0 bus_irq 9 global_irq 9 low level)
[    0.000000] Using ACPI (MADT) for SMP configuration information
[    0.000000] smpboot: Allowing 2 CPUs, 0 hotplug CPUs
[    0.000000] PM: Registered nosave memory: [mem 0x00000000-0x00000fff]
[    0.000000] PM: Registered nosave memory: [mem 0x0009f000-0x0009ffff]
[    0.000000] PM: Registered nosave memory: [mem 0x000a0000-0x000effff]
[    0.000000] PM: Registered nosave memory: [mem 0x000f0000-0x000fffff]
[    0.000000] e820: [mem 0x10000000-0xfebfffff] available for PCI devices
[    0.000000] Booting paravirtualized kernel on KVM
[    0.000000] clocksource: refined-jiffies: mask: 0xffffffff max_cycles: 0xffffffff, max_idle_ns: 7645519600211568 ns
[    0.000000] setup_percpu: NR_CPUS:512 nr_cpumask_bits:512 nr_cpu_ids:2 nr_node_ids:1
[    0.000000] PERCPU: Embedded 34 pages/cpu @ffff88000fc00000 s99544 r8192 d31528 u1048576
[    0.000000] PV qspinlock hash table entries: 256 (order: 0, 4096 bytes)
[    0.000000] Built 1 zonelists in Node order, mobility grouping on.  Total pages: 64376
[    0.000000] Policy zone: DMA32
[    0.000000] Kernel command line: BOOT_IMAGE=/boot/vmlinuz-4.4.0-135-generic root=LABEL=cloudimg-rootfs ro console=tty1 console=ttyS0
[    0.000000] PID hash table entries: 1024 (order: 1, 8192 bytes)
[    0.000000] Memory: 223600K/261688K available (8554K kernel code, 1314K rwdata, 4004K rodata, 1516K init, 1316K bss, 38088K reserved, 0K cma-reserved)
[    0.000000] SLUB: HWalign=64, Order=0-3, MinObjects=0, CPUs=2, Nodes=1
[    0.000000] Kernel/User page tables isolation: enabled
[    0.000000] Hierarchical RCU implementation.
[    0.000000] 	Build-time adjustment of leaf fanout to 64.
[    0.000000] 	RCU restricting CPUs from NR_CPUS=512 to nr_cpu_ids=2.
[    0.000000] RCU: Adjusting geometry for rcu_fanout_leaf=64, nr_cpu_ids=2
[    0.000000] NR_IRQS:33024 nr_irqs:440 16
[    0.000000] Console: colour VGA+ 80x25
[    0.000000] console [tty1] enabled
[    0.000000] console [ttyS0] enabled
[    0.000000] tsc: Detected 2711.986 MHz processor
[    0.259360] Calibrating delay loop (skipped) preset value.. 5423.97 BogoMIPS (lpj=10847944)
[    0.260930] pid_max: default: 32768 minimum: 301
[    0.261774] ACPI: Core revision 20150930
[    0.263517] ACPI: 2 ACPI AML tables successfully acquired and loaded
[    0.264740] Security Framework initialized
[    0.265516] Yama: becoming mindful.
[    0.266214] AppArmor: AppArmor initialized
[    0.267049] Dentry cache hash table entries: 32768 (order: 6, 262144 bytes)
[    0.268237] Inode-cache hash table entries: 16384 (order: 5, 131072 bytes)
[    0.269400] Mount-cache hash table entries: 512 (order: 0, 4096 bytes)
[    0.270506] Mountpoint-cache hash table entries: 512 (order: 0, 4096 bytes)
[    0.271778] Initializing cgroup subsys io
[    0.272548] Initializing cgroup subsys memory
[    0.273355] Initializing cgroup subsys devices
[    0.274175] Initializing cgroup subsys freezer
[    0.275014] Initializing cgroup subsys net_cls
[    0.275834] Initializing cgroup subsys perf_event
[    0.276687] Initializing cgroup subsys net_prio
[    0.277518] Initializing cgroup subsys hugetlb
[    0.278332] Initializing cgroup subsys pids
[    0.280301] mce: CPU supports 0 MCE banks
[    0.281098] Last level iTLB entries: 4KB 64, 2MB 8, 4MB 8
[    0.282074] Last level dTLB entries: 4KB 64, 2MB 0, 4MB 0, 1GB 4
[    0.283116] Spectre V2 : Mitigation: Full generic retpoline
[    0.284082] Spectre V2 : Speculation control IBPB not-supported IBRS not-supported
[    0.285308] Spectre V2 : Filling RSB on context switch
[    0.286495] Speculative Store Bypass: Vulnerable
[    0.289559] Freeing SMP alternatives memory: 32K
[    0.297725] ftrace: allocating 32266 entries in 127 pages
[    0.347976] smpboot: APIC(0) Converting physical 0 to logical package 0
[    0.349129] smpboot: Max logical packages: 1
[    0.350171] x2apic enabled
[    0.350967] Switched APIC routing to physical x2apic.
[    0.352877] ..TIMER: vector=0x30 apic1=0 pin1=2 apic2=-1 pin2=-1
[    0.458117] smpboot: CPU0: Intel(R) Core(TM) i5-7200U CPU @ 2.50GHz (family: 0x6, model: 0x8e, stepping: 0x9)
[    0.460060] Performance Events: unsupported p6 CPU model 142 no PMU driver, software events only.
[    0.461784] KVM setup paravirtual spinlock
[    0.463206] x86: Booting SMP configuration:
[    0.464006] .... node  #0, CPUs:      #1
[    0.464857] kvm-clock: cpu 1, msr 0:ffe3041, secondary cpu clock
[    0.466646] mce: CPU supports 0 MCE banks
[    0.469079] x86: Booted up 1 node, 2 CPUs
[    0.470056] smpboot: Total of 2 processors activated (10847.94 BogoMIPS)
[    0.471644] devtmpfs: initialized
[    0.497193] evm: security.selinux
[    0.503122] evm: security.SMACK64
[    0.503746] evm: security.SMACK64EXEC
[    0.504394] evm: security.SMACK64TRANSMUTE
[    0.505086] evm: security.SMACK64MMAP
[    0.505756] evm: security.ima
[    0.511667] evm: security.capability
[    0.514229] clocksource: jiffies: mask: 0xffffffff max_cycles: 0xffffffff, max_idle_ns: 7645041785100000 ns
[    0.516077] futex hash table entries: 512 (order: 3, 32768 bytes)
[    0.523676] pinctrl core: initialized pinctrl subsystem
[    0.524903] RTC time:  6:26:07, date: 10/11/18
[    0.526144] NET: Registered protocol family 16
[    0.538798] cpuidle: using governor ladder
[    0.562700] cpuidle: using governor menu
[    0.563533] PCCT header not found.
[    0.564298] ACPI: bus type PCI registered
[    0.565073] acpiphp: ACPI Hot Plug PCI Controller Driver version: 0.5
[    0.566289] PCI: Using configuration type 1 for base access
[    0.578656] ACPI: Added _OSI(Module Device)
[    0.579493] ACPI: Added _OSI(Processor Device)
[    0.580323] ACPI: Added _OSI(3.0 _SCP Extensions)
[    0.581213] ACPI: Added _OSI(Processor Aggregator Device)
[    0.589597] ACPI: Executed 1 blocks of module-level executable AML code
[    0.598444] ACPI: Interpreter enabled
[    0.599197] ACPI: (supports S0 S5)
[    0.599888] ACPI: Using IOAPIC for interrupt routing
[    0.600934] PCI: Using host bridge windows from ACPI; if necessary, use "pci=nocrs" and report a bug
[    0.605904] ACPI: PCI Root Bridge [PCI0] (domain 0000 [bus 00-ff])
[    0.617546] acpi PNP0A03:00: _OSC: OS supports [ASPM ClockPM Segments MSI]
[    0.634489] acpi PNP0A03:00: _OSC: not requesting OS control; OS requires [ExtendedConfig ASPM ClockPM MSI]
[    0.636059] acpi PNP0A03:00: fail to add MMCONFIG information, can't access extended PCI configuration space under this bridge.
[    0.647327] PCI host bridge to bus 0000:00
[    0.654522] pci_bus 0000:00: root bus resource [io  0x0000-0x0cf7 window]
[    0.689894] pci_bus 0000:00: root bus resource [io  0x0d00-0xffff window]
[    0.691169] pci_bus 0000:00: root bus resource [mem 0x000a0000-0x000bffff window]
[    0.718959] pci_bus 0000:00: root bus resource [mem 0x10000000-0xfdffffff window]
[    0.720225] pci_bus 0000:00: root bus resource [bus 00-ff]
[    0.722540] pci 0000:00:01.1: legacy IDE quirk: reg 0x10: [io  0x01f0-0x01f7]
[    0.730810] pci 0000:00:01.1: legacy IDE quirk: reg 0x14: [io  0x03f6]
[    0.731909] pci 0000:00:01.1: legacy IDE quirk: reg 0x18: [io  0x0170-0x0177]
[    0.733075] pci 0000:00:01.1: legacy IDE quirk: reg 0x1c: [io  0x0376]
[    0.744209] pci 0000:00:07.0: quirk: [io  0x4000-0x403f] claimed by PIIX4 ACPI
[    0.755497] pci 0000:00:07.0: quirk: [io  0x4100-0x410f] claimed by PIIX4 SMB
[    0.762864] ACPI: PCI Interrupt Link [LNKA] (IRQs 5 9 10 *11)
[    0.769761] ACPI: PCI Interrupt Link [LNKB] (IRQs 5 9 *10 11)
[    0.771198] ACPI: PCI Interrupt Link [LNKC] (IRQs 5 *9 10 11)
[    0.772760] ACPI: PCI Interrupt Link [LNKD] (IRQs 5 9 10 *11)
[    0.774616] ACPI: Enabled 2 GPEs in block 00 to 07
[    0.826214] vgaarb: setting as boot device: PCI:0000:00:02.0
[    0.827217] vgaarb: device added: PCI:0000:00:02.0,decodes=io+mem,owns=io+mem,locks=none
[    0.828709] vgaarb: loaded
[    0.829314] vgaarb: bridge control possible 0000:00:02.0
[    0.830467] SCSI subsystem initialized
[    0.831325] ACPI: bus type USB registered
[    0.832114] usbcore: registered new interface driver usbfs
[    0.833082] usbcore: registered new interface driver hub
[    0.834033] usbcore: registered new device driver usb
[    0.835241] PCI: Using ACPI for IRQ routing
[    0.836299] NetLabel: Initializing
[    0.842447] NetLabel:  domain hash size = 128
[    0.843249] NetLabel:  protocols = UNLABELED CIPSOv4
[    0.844144] NetLabel:  unlabeled traffic allowed by default
[    0.845298] amd_nb: Cannot enumerate AMD northbridges
[    0.846288] clocksource: Switched to clocksource kvm-clock
[    0.852496] AppArmor: AppArmor Filesystem Enabled
[    0.853458] pnp: PnP ACPI init
[    0.854768] pnp: PnP ACPI: found 3 devices
[    0.864089] clocksource: acpi_pm: mask: 0xffffff max_cycles: 0xffffff, max_idle_ns: 2085701024 ns
[    0.865785] NET: Registered protocol family 2
[    0.866767] TCP established hash table entries: 2048 (order: 2, 16384 bytes)
[    0.867974] TCP bind hash table entries: 2048 (order: 3, 32768 bytes)
[    0.869063] TCP: Hash tables configured (established 2048 bind 2048)
[    0.870151] UDP hash table entries: 256 (order: 1, 8192 bytes)
[    0.871194] UDP-Lite hash table entries: 256 (order: 1, 8192 bytes)
[    0.872483] NET: Registered protocol family 1
[    0.873326] pci 0000:00:00.0: Limiting direct PCI/PCI transfers
[    0.874408] pci 0000:00:01.0: Activating ISA DMA hang workarunds
[    0.898205] Unpacking initramfs.
[    1.138429] Freeing initrd memory: 14796K
[    1.192589] platform rtc_cmos: registered platform RTC device (no PNP device found)
[    1.212796] Scanning for low memory corruption every 60 seconds
[    1.214023] audit: initializing netlink subsys (disabled)
[    1.214943] audit: type=2000 audit(1539239172.449:1): initialized
[    1.216278] Initialise system trusted keyring
[    1.217280] HugeTLB registered 2 MB page size, pre-allocated 0 pages
[    1.219604] zbud: loaded
[    1.220549] VFS: Disk quotas dquot_6.6.0
[    1.221349] VFS: Dquot-cache hash table entries: 512 (order 0, 4096 bytes)
[    1.222724] squashfs: version 4.0 (2009/01/31) Phillip Lougher
[    1.249213] fuse init (API version 7.23)
[    1.250022] Key type big_key registered
[    1.250751] Allocating IMA MOK and blacklist keyrings.
[    1.252574] Key type asymmetric registeeed
[    1.512391] Asymmetric key parser 'x509' registered
[    1.562687] Block layer SCSI generic (bsg) driver version 0.4 loaded (major 249)
[    1.564040] io scheduler noop registered
[    1.564739] io scheduler deadline registered (default)
[    1.565595] io scheduler cfq registered
[    1.566457] pci_hotplug: PCI Hot Plug PCI Core version: 0.5
[    1.567458] pciehp: PCI Express Hot Plug Controller Driver version: 0.4
[    1.568702] ACPI: AC Adapter [AC] (on-line)
[    1.569570] input: Power Button as /devices/LNXSYSTM:00/LNXPWRBN:00/input/input0
[    1.571028] ACPI: Power Button [PWRF]
[    1.571837] input: Sleep Button as /devices/LNXSYSTM:00/LNXSLPBN:00/input/input1
[    1.573255] ACPI: Sleep Button [SLPF]
[    1.574721] ACPI: Battery Slot [BAT0] (battery present)
[    1.575695] GHES: HEST is not enabled!
[    1.576490] Serial: 8250/16550 driver, 32 ports, IRQ sharing enabled
[    1.599244] 00:02: ttyS0 at I/O 0x3f8 (irq = 4, base_baud = 115200) is a 16550A
[    1.713912] Linux agpgart interface v0.103
[    1.803869] loop: module loaded
[    1.822983] scsi host0: ata_piix
[    1.823782] scsi host1: ata_piix
[    1.824492] ata1: PATA max UDMA/33 cmd 0x1f0 ctl 0x3f6 bmdma 0xd000 irq 14
[    1.825658] ata2: PATA max UDMA/33 cmd 0x170 ctl 0x376 bmdma 0xd008 irq 1
[    1.911250] libphy: Fixed MDIO Bus: probed
[    1.912095] tun: Universal TUN/TAP device driver, 1.6
[    1.913029] tun: (C) 1999-2004 Max Krasnyansky <maxk@qualcomm.com>
[    1.914159] PPP generic driver version 2.4.2
[    1.915062] ehci_hcd: USB 2.0 'Enhanced' Host Controller (EHCI) Driver
[    1.916198] ehci-pci: EHCI PCI platform driver
[    1.917059] ehci-platform: EHCI generic platform driver
[    1.918013] ohci_hcd: USB 1.1 'Open' Host Controller (OHCI) Driver
[    1.919113] ohci-pci: OHCI PCI platform driver
[    1.919960] ohci-platform: OHCI generic platform driver
[    1.920930] uhci_hcd: USB Universal Host Controller Interface driver
[    1.922082] i8042: PNP: PS/2 Controller [PNP0303:PS2K,PNP0f03:PS2M] at 0x60,0x64 irq 1,12
[    1.924132] serio: i8042 KBD port at 0x60,0x64 irq 1
[    1.925059] serio: i8042 AUX port at 0x60,0x64 irq 12
[    1.926068] mousedev: PS/2 mouse device common for all mice
[    1.927453] rtc_cmos rtc_cmos: rtc core: registered rtc_cmos as rtc0
[    1.928642] rtc_cmos rtc_cmos: alarms up to one day, 114 bytes nvram
[    1.929770] i2c /dev entries driver
[    1.942440] device-mapper: uevent: version 1.0.3
[    1.943347] input: AT Translated Set 2 keyboard as /devices/platform/i8042/serio0/input/input2
[    1.945184] device-mapper: ioctl: 4.34.0-ioctl (2015-10-28) initialised: dm-devel@redhat.com
[    1.958875] ledtrig-cpu: registered to indicate activity on CPUs
[    1.960711] NET: Registered protocol family 10
[    1.962040] NET: Registered protocol family 17
[    2.002562] Key type dns_resolver registered
[    2.012925] registered taskstats version 1
[    2.182299] Loading compiled-in X.509 certificates
[    2.184192] Loaded X.509 cert 'Build time autogenerated kernel key: b7189ebc996fd79c52efc1226b6676b25e4f6a2d'
[    2.186563] zswap: loaded using pool lzo/zbud
[    2.189520] Key type trusted registered
[    2.216123] tsc: Refined TSC clocksource calibration: 2711.982 MHz
[    2.217082] clocksource: tsc: mask: 0xffffffffffffffff max_cycles: 0x271775652a0, max_idle_ns: 440795245401 ns
[    2.221600] Key type encrypted registered
[    2.222334] AppArmor: AppArmor sha1 policy hashing enabled
[    2.223224] ima: No TPM chip found, activating TPM-bypass!
[    2.224091] ima: Allocated hash algorithm: sha1
[    2.224897] evm: HMAC attrs: 0x1
[    2.226140]   Magic number: 6:858:417
[    2.227159] rtc_cmos rtc_cmos: setting system clock to 2018-10-11 06:26:08 UTC (1539239168)
[    2.273007] BIOS EDD facility v0.16 2004-Jun-25, 0 devices found
[    2.274060] EDD information not available.
[    2.276007] Freeing unused kernel memory: 1516K
[    2.286568] Write protecting the kernel read-only data: 14336k
[    2.288123] Freeing unused kernel memory: 1672K
[    2.289155] Freeing unused kernel memory: 92K
Loading, please [    2.300679] random: systemd-udevd: uninitialized urandom read (16 bytes read, 3 bits of entropy available)
wait...
starting version 229
[    2.301395] random: udevadm: uninitialized urandom read (16 bytes read, 3 bits of entropy available)
[    2.301417] random: udevadm: uninitialized urandom read (16 bytes read, 3 bits of entropy available)
[    2.310784] random: udevadm: uninitialized urandom read (16 bytes read, 3 bits of entropy available)
[    2.310831] random: udevadm: uninitialized urandom read (16 bytes read, 3 bits of entropy available)
[    2.310979] random: udevadm: uninitialized urandom read (16 bytes read, 3 bits of entropy available)
[    2.311030] random: udevadm: uninitialized urandom read (16 bytes read, 3 bits of entropy available)
[    2.311080] random: udevadm: uninitialized urandom read (16 bytes read, 3 bits of entropy available)
[    2.311134] random: udevadm: uninitialized urandom read (16 bytes read, 3 bits of entropy available)
[    2.311184] random: udevadm: uninitialized urandom read (16 bytes read, 3 bits of entropy available)
[    2.833257] Fusion MPT base driver 3.04.20
[    2.834084] Copyright (c) 1999-2008 LSI Corporation
[    2.837190] e1000: Intel(R) PRO/1000 Network Driver - version 7.3.21-k8-NAPI
[    2.843955] e1000: Copyright (c) 1999-2006 Intel Corporation.
[    2.864736] AVX2 version of gcm_enc/dec engaged.
[    2.867207] AES CTR mode by8 optimization enabled
[    2.869091] Fusion MPT SPI Host driver 3.04.20
[    2.874869] mptbase: ioc0: Initiating bringup
[    2.946632] ioc0: LSI53C1030 A0: Capabilities={Initiator}
[    3.072803] input: ImExPS/2 Generic Explorer Mouse as /devices/platform/i8042/serio1/input/input4
[    3.139818] scsi host2: ioc0: LSI53C1030 A0, FwRev=00000000h, Ports=1, MaxQ=256, IRQ=20
[    3.275759] scsi 2:0:0:0: Direct-Access     VBOX     HARDDISK         1.0  PQ: 0 ANSI: 5
[    3.305814] scsi target2:0:0: Beginning Domain Validation
[    3.310486] scsi target2:0:0: Domain Validation skipping write tests
[    3.318208] scsi target2:0:0: Ending Domain Validation
[    3.319772] scsi target2:0:0: asynchronous
[    3.470465] scsi 2:0:1:0: Direct-Access     VBOX     HARDDISK         1.0  PQ: 0 ANSI: 5
[    3.492281] scsi target2:0:1: Beginning Domain Validation
[    3.494010] scsi target2:0:1: Domain Validation skipping write tests
[    3.495197] scsi target2:0:1: Ending Domain Validation
[    3.496219] scsi target2:0:1: asynchronous
[    3.511320] sd 2:0:0:0: Attached scsi generic sg0 type 0
[    3.512436] sd 2:0:0:0: [sda] 20971520 512-byte logical blocks: (10.7 GB/10.0 GiB)
[    3.535755] sd 2:0:1:0: [sdb] 20480 512-byte logical blocks: (10.5 MB/10.0 MiB)
[    3.547873] sd 2:0:1:0: Attached scsi generic sg1 type 0
[    3.554569] sd 2:0:1:0: [sdb] Write Protect is off
[    3.562978] sd 2:0:0:0: [sda] Write Protect is off
[    3.564004] sd 2:0:1:0: [sdb] Incomplete mode parameter data
[    3.570367] sd 2:0:1:0: [sdb] Assuming drive cache: write through
[    3.571419] sd 2:0:0:0: [sda] Incomplete mode parameter data
[    3.572346] sd 2:0:0:0: [sda] Assuming drive cache: write through
[    3.603083]  sda: sda1
[    3.604241] sd 2:0:0:0: [sda] Attached SCSI disk
[    3.635311] sd 2:0:1:0: [sdb] Attached SCSI disk
[    3.785856] e1000 0000:00:03.0 eth0: (PCI:33MHz:32-bit) 02:fb:a8:4c:29:d0
[    3.842864] e1000 0000:00:03.0 eth0: Intel(R) PRO/1000 Network Connection
[    4.190582] e1000 0000:00:08.0 eth1: (PCI:33MHz:32-bit) 08:00:27:82:7d:24
[    4.212433] e1000 0000:00:08.0 eth1: Intel(R) PRO/1000 Network Connection
[    4.214589] e1000 0000:00:03.0 enp0s3: renamed from eth0
[    4.226707] e1000 0000:00:08.0 enp0s8: renamed from eth1
Begin: Loading e[    5.543937] md: linear personality registered for level -1
ssential drivers ... [    5.605216] md: multipath personality registered for level -4
[    5.608661] md: raid0 personality registered for level 0
[    5.612307] md: raid1 personality registered for level 1
[    5.682389] raid6: sse2x1   gen()  9922 MB/s
[    5.751805] raid6: sse2x1   xor()  8056 MB/s
[    5.838394] raid6: sse2x2   gen() 13022 MB/s
[    5.911841] raid6: sse2x2   xor()  9895 MB/s
[    6.001821] raid6: sse2x4   gen() 15308 MB/s
[    6.070443] raid6: sse2x4   xor() 10226 MB/s
[    6.141808] raid6: avx2x1   gen() 22214 MB/s
[    6.211863] raid6: avx2x2   gen() 24068 MB/s
[    6.281803] raid6: avx2x4   gen() 26778 MB/s
[    6.302567] raid6: using algorithm avx2x4 gen() 26778 MB/s
[    6.303563] raid6: using avx2x2 recovery algorithm
[    6.305899] xor: automatically using best checksumming function:
[    6.354345]    avx       : 22797.000 MB/sec
[    6.356886] async_tx: api initialized (async)
[    6.367822] md: raid6 personality registered for level 6
[    6.432454] md: raid5 personality registered for level 5
[    6.433290] md: raid4 personality registered for level 4
[    6.439303] md: raid10 personality registered for level 10
done.
Begin: Running /scripts/init-premount ... done.
Begin: Mounting root file system ... Begin: Runn[    6.468913] Btrfs loaded
ing /scripts/local-top ... done.
Begin: Running /scripts/local-premount ... Scanning for Btrfs filesystems
done.
Warning: fsck not present, so skipping root file system
[    6.606088] EXT4-fs (sda1): mounted filesystem with ordered data mode. Opts: (null)
done.
Begin: Running /scripts/local-bottom ... done.
Begin: Running /scripts/init-bottom ... done.
[    7.489080] systemd[1]: systemd 229 running in system mode. (+PAM +AUDIT +SELINUX +IMA +APPARMOR +SMACK +SYSVINIT +UTMP +LIBCRYPTSETUP +GCRYPT +GNUTLS +ACL +XZ -LZ4 +SECCOMP +BLKID +ELFUTILS +KMOD -IDN)
[    7.557349] systemd[1]: Detected virtualization oracle.
[    7.559552] systemd[1]: Detected architecture x86-64.

Welcome to [1mUbuntu 16.04.5 LTS[0m!

[    7.626190] systemd[1]: Set hostname to <ubuntu>.
[    7.667254] systemd[1]: Initializing machine ID from random generator.
[    7.675114] systemd[1]: Installed transient /etc/machine-id file.
[    7.76302] random: nonblocking pool is initialized

[    8.662633] systemd[1]: Created slice System Slice.
[[0;32m  OK  [0m] Created slice System Slice.
[    8.664575] systemd[1]: Reached target Encrypted Volumes.
[[0;32m  OK  [0m] Reached target Encrypted Volumes.
[    8.666920] systemd[1]: Listening on Syslog Socket.
[[0;32m  OK  [0m] Listening on Syslog Socket.
[  8100]ysmd]:eaedarg Ur d ouName Lookups.
[[0;32m  OK  [0m] Reached target User and Group Name Lookups.
[    9.490934] systemd[1]: Listening on /dev/initctl Compatibility Named Pipe.
[[0;32m  OK  [0m] Listening on /dev/initctl Compatibility Named Pipe.
[    9.537268] systemd[1]: Reached target System Time Synchronized.
[[0;32m  OK  [0m] Reached target System Time Synchronized.
[    9.540981] systemd[1]: Reached target Swap.
[[0;32m  OK  [0m] Reached target Swap.
[    9.543955] systemd[1]: Started Trigger resolvconf update for networkd DNS.
[[0;32m  OK  [0m] Started Trigger resolvconf update for networkd DNS.
[    9.547867] systemd[1]: Listening on LVM2 metadata daemon socket.
[[0;32m  OK  [0m] Listening on LVM2 metadata daemon socket.
[    9.551481] systemd[1]: Listening on Journal Socket.
[[0;32m  OK  [0m] Listening on Journal Socket.
[    9.566521] systemd[1]: Mounting POSIX Message Queue File System...
         Mounting POSIX Message Queue File System...
[    9.580540] systemd[1]: Starting Uncomplicated firewall...
         Starting Uncomplicated firewall...
[    9.589268] systemd[1]: Starting Remount Root and Kernel File Systems...
         Starting Remount Root and Kernel File Systems...
[    9.592383] systemd[1]: Mounting Debug File System...
         Mounting Debug File System...
[    9.595125] systemd[1]: Starting Create list of required static device nodes for the current kernel...
         Starting Create list of required st... nodes for the current kernel...
[    9.605278] systemd[1]: Starting Nameserver information manager...
         Starting Nameserver information manager...
[    9.641407] EXT4-fs (sda1): re-mounted. Opts: (null)
[    9.686555] systemd[1]: Starting Load Kernel Modules...
         Starting Load Kernel Modules...
[    9.693204] systemd[1]: Mounting Huge Pages File System...
         Mounting Huge Pages File System...
[    9.695322] systemd[1]: Listening on LVM2 poll daemon socket.
[[0;32m  OK  [0m] Listening on LVM2 poll daemon socket.
[    9.702945] systemd[1]: Started Forward Password Requests to Wall Directory Watch.
[[0;32m  OK  [0m] Started Forward Password Requests to Wall Directory Watch.
[    9.755793] systemd[1]: Created slice system-serial\x2dgetty.slice.
[[0;32m  OK  [0m] Created slice sy[    9.780533] Loading iSCSI transport class v2.0-870.
stem-serial\x2dgetty.slice.
[    9.810103] systemd[1]: Listening on Journal Socket (/dev/log).
[[0;32m  OK  [0m] Listening on Journal Socket (/dev/log).
[    9.827009] systemd[1]: Listening on Device-mapper event daemon FIFOs.
[[0;32m  OK  [0m] Listening on Device-mapper event daemon FIFOs.
[    9.842370] iscsi: registered transport (tcp)
[    9.842504] systemd[1]: Starting Monitoring of LVM2 mirrors, snapshots etc. using dmeventd or progress polling...
         Starting Monitoring of LVM2 mirrors... dmeventd or progress polling...
[    9.887069] systemd[1]: Created slice User and Session Slice.
[[0;32m  OK  [0m] Created slice User and Session Slice.
[   10.046698] systemd[1]: Reached target Slices.
[[0;32m  OK  [0m] Reached target Slices.
[   10.075615] systemd[1]: Listening on Journal Audit Socket.
[[0;32m  OK  [0m] Listening on Journal Audit Socket.
[   10.094729] systemd[1]: Starting Journal Service...
         [   10.102774] iscsi: registered transport (iser)
Starting Journal Service...
[   10.161135] systemd[1]: Listening on udev Control Socket.
[[0;32m  OK  [0m] Listening on udev Control Socket.
[   10.174737] systemd[1]: Listening on udev Kernel Socket.
[[0;32m  OK  [0m] Listening on udev Kernel Socket.
[   10.189708] systemd[1]: Set up automount Arbitrary Executable File Formats File System Automount Point.
[[0;32m  OK  [0m] Set up automount Arbitrary Executab...ats File System Automount Point.
[   10.235878] systemd[1]: Starting Set console keymap...
         Starting Set console keymap...
[   10.277159] systemd[1]: Mounted POSIX Message Queue File System.
[[0;32m  OK  [0m] Mounted POSIX Message Queue File System.
[   10.279933] systemd[1]: Mounted Debug File System.
[[0;32m  OK  [0m] Mounted Debug File System.
[   10.282885] systemd[1]: Mounted Huge Pages File System.
[[0;32m  OK  [0m] Mounted Huge Pages File System.
[   10.285558] systemd[1]: Started Uncomplicated firewall.
[[0;32m  OK  [0m] Started Uncomplicated firewall.
[   10.288299] systemd[1]: Started Remount Root and Kernel File Systems.
[[0;32m  OK  [0m] Started Remount Root and Kernel File Systems.
[   10.292072] systemd[1]: Started Create list of required static device nodes for the current kernel.
[[0;32m  OK  [0m] Started Create list of required sta...ce nodes for the current kernel.
[   10.343149] systemd[1]: Started Load Kernel Modules.
[[0;32m  OK  [0m] Started Load Kernel Modules.
[   10.347310] systemd[1]: Started Journal Service.
[[0;32m  OK  [0m] Started Journal Service.
[[0;32m  OK  [0m] Started Nameserver information manager.
[[0;32m  OK  [0m] Started LVM2 metadata daemon.
         Mounting FUSE Control File System...
         Starting Apply Kernel Variables...
         Starting Create Static Device Nodes in /dev...
         Starting udev Coldplug all Devices...
         Starting Load/Save Random Seed...
         Starting Flush Journal to Persistent Storage...
[[0;32m  OK  [0m] Mounted FUSE Control File System.
[[0;32m  OK  [0m] Started Set console keymap.
[[0;32m  OK  [0m] Started Apply Kernel Variables.
[[0;32m  OK  [0m] Started udev Coldplug all Devices.
[[0;32m  OK  [0m] Started Load/Save Random Seed.
[[0;32m  OK  [0m] Started Flush Journal to Persistent Storage.
[[0;32m  OK  [0m] Started Create Static Device Nodes in /dev.
         Starting udev Kernel Device Manager...
[[0;32m  OK  [0m] Started Monitoring of LVM2 mirrors,...ng dmeventd or progress polling.
[[0;32m  OK  [0m] Started udev Kernel Device Manager.
[[0;32m  OK  [0m] Reached target Local File Systems (Pre).
[[0;32m  OK  [0m] Reached target Local File Systems.
         Starting Set console font and keymap...
         Starting Create Volatile Files and Directories...
         Starting LSB: AppArmor initialization...
         Starting Initial cloud-init job (pre-networking)...
         Starting Commit a transient machine-id on disk...
         Starting Tell Plymouth To Write Out Runtime Data...
[[0;32m  OK  [0m] Started Dispatch Password Requests to Console Directory Watch.
[[0;32m  OK  [0m] Started Create Volatile Files and Directories.
         Starting Update UTMP about System Boot/Shutdown...
[[0;32m  OK  [0m] Found device /dev/ttyS0.
[[0;32m  OK  [0m] Started Commit a transient machine-id on disk.
[[0;32m  OK  [0m] Started Update UTMP about System Boot/Shutdown.
[[0;32m  OK  [0m] Listening on Load/Save RF Kill Switch Status /dev/rfkill Watch.
[[0;32m  OK  [0m] Started Tell Plymouth To Write Out Runtime Data.
[[0;32m  OK  [0m] Started Set console font and keymap.
[[0;32m  OK  [0m] Created slice system-getty.slice.
[[0;32m  OK  [0m] Started LSB: AppArmor initialization.
[   19.041706] cloud-init[493]: Cloud-init v. 18.3-9-g2e62cb8a-0ubuntu1~16.04.2 running 'init-local' at Thu, 11 Oct 2018 06:26:25 +0000. Up 18.36 seconds.
[[0;32m  OK  [0m] Started Initial cloud-init job (pre-networking).
[[0;32m  OK  [0m] Reached target Network (Pre).
         Starting Raise network interfaces...
[[0;32m  OK  [0m] Started Raise network interfaces.
         Starting Initial cloud-init job (metadata service crawler)...
[[0;32m  OK  [0m] Reached target Network.
[   22.759752] cloud-init[943]: Cloud-init v. 18.3-9-g2e62cb8a-0ubuntu1~16.04.2 running 'init' at Thu, 11 Oct 2018 06:26:26 +0000. Up 19.97 seconds.
[   22.826176] cloud-init[943]: ci-info: ++++++++++++++++++++++++++++++++++++++Net device info+++++++++++++++++++++++++++++++++++++++
[[0;32m  OK  [0m] Started Initial cloud-init job (metadata service crawler).
[   22.828381] cloud-init[943]: ci-info: +--------+-------+----------------------------+---------------+--------+-------------------+[[0;32m  OK  [0m] Reached target System Initialization.
[[0;32m  OK  [0m] Listening on D-Bus System Message Bus Socket.

[   22.911083] cloud-init[943]: ci-info: | Device |   Up  |          Address           |      Mask     | Scope  |     Hw-Address    |         Starting Socket activation for snappy daemon.
[[0;32m  OK  [0m] Started Daily apt download activities.

[   22.915214] cloud-init[943]: ci-info: +--------+-------+----------------------------+---------------+--------+-------------------+
[   22.917839] cloud-init[943]: ci-info: | enp0s3 |  True |         10.0.2.15          | 255.255.255.0 | global | 02:fb:a8:4c:29:d0 |
[   22.920181] cloud-init[943]: ci-info: | enp0s3 |  True | fe80::fb:a8ff:fe4c:29d0/64 |       .       |  link  | 02:fb:a8:4c:29:d0 |
[   22.922358] cloud-init[943]: ci-info: | enp0s8 | False |             .              |       .       |   .    | 08:00:27:82:7d:24 |
[   22.944205] cloud-init[943]: ci-info: |   lo   |  True |         127.0.0.1          |   255.0.0.0   |  host  |         .         |
[   22.944413] cloud-init[943]: ci-info: |   lo   |  True |          ::1/128           |       .       |  host  |         .         |
[   22.944562] cloud-init[943]: ci-info: +--------+-------+----------------------------+---------------+--------+-------------------+
[   22.944710] cloud-init[943]: ci-info: +++++++++++++++++++++++++++Route IPv4 info++++++++++++++++++++++++++++
[   22.944849] cloud-init[943]: ci-info: +-------+-------------+----------+---------------+-----------+-------+
[   22.944991] cloud-init[943]: ci-info: | Route | Destination | Gateway  |    Genmask    | Interface | Flags |
[   22.945148] cloud-init[943]: ci-info: +-------+-------------+----------+---------------+-----------+-------+
[   22.945288] cloud-init[943]: ci-info: |   0   |   0.0.0.0   | 10.0.2.2 |    0.0.0.0    |   enp0s3  |   UG  |
[   22.945466] cloud-init[943]: ci-info: |   1   |   10.0.2.0  | 0.0.0.0  | 255.255.255.0 |   enp0s3  |   U   |
[   22.945581] cloud-init[943]: ci-info: +-------+-------------+----------+---------------+-----------+-------+
[   22.945725] cloud-init[943]: ci-info: +++++++++++++++++++Route IPv6 info+++++++++++++++++++
[   22.945863] cloud-init[943]: ci-info: +-------+-------------+---------+-----------+-------+
[   22.946020] cloud-init[943]: ci-info: | Route | Destination | Gateway | Interface | Flags |
[   22.946164] cloud-init[943]: ci-info: +-------+-------------+---------+-----------+-------+
[   22.946299] cloud-init[943]: ci-info: |   0   |  fe80::/64  |    ::   |   enp0s3  |   U   |
[   22.946456] cloud-init[943]: ci-info: |   3   |   ff00::/8  |    ::   |   enp0s3  |   U   |
         Starting LXD - unix socket.
[   22.946997] cloud-init[943]: ci-info: +-------+-------------+---------+-----------+-------+
[   22.993083] cloud-init[943]: Generating public/private rsa key pair.
[   22.993241] cloud-init[943]: Your identification has been saved in /etc/ssh/ssh_host_rsa_key.
[   22.993428] cloud-init[943]: Your public key has been saved in /etc/ssh/ssh_host_rsa_key.pub.
[   22.993797] cloud-init[943]: The key fingerprint is:
[   22.994004] cloud-init[943]: SHA256:3zScLe4+Moy8ApKC5BkwrcKUPPVSyDWAtmcZNGYmzSM root@ubuntu-xenial
[   22.994196] cloud-init[943]: The key's randomart image is:
[   22.994384] cloud-init[943]: +---[RSA 2048]----+
[   22.994577] cloud-init[943]: |.oOO++           |
[   22.994771] cloud-init[943]: |oE*B+ .          |
[   22.994963] cloud-init[943]: |=o+.+.           |
[   22.995166] cloud-init[943]: |o= +.      . o   |
[[0;32m  OK  [0m] Listening on UUID daemon activation socket.
[[   22.995351] cloud-init[943]: |= =.    S   * .  |
[   23.347693] cloud-init[943]: |ooo .    . + o   |
[   23.348756] cloud-init[943]: | . . . . o. o    |
[   23.349322] cloud-init[943]: |      . o +..    |
[0;32m  OK  [0m] Started Daily apt upgrade and clean activities.
[   23.349936] cloud-init[943]: |       ... +o.   |
[   23.370569] cloud-init[943]: +----[SHA256]-----+
[   23.388844] cloud-init[943]: Generating public/private dsa key pair.
[   23.394319] cloud-init[943]: Your identification has been saved in /etc/ssh/ssh_host_dsa_key.
[   23.417978] cloud-init[943]: Your public key has been saved in /etc/ssh/ssh_host_dsa_key.pub.
[   23.419092] cloud-init[943]: The key fingerprint is:
[[0;32m  OK  [0m] Started ACPI Events Check.
[[   23.419608] cloud-init[943]: SHA256:o1/zRZc6UBNuYxIugpS7awh8D8yaZztiXCy4wy5oKog root@ubuntu-xenial
[   23.477478] cloud-init[943]: The key's randomart image is:
[0;32m  OK  [0m] Reached target Paths.
[[0;32m  OK  [0m[   23.477547] cloud-init[943]: +---[DSA 1024]----+
[   23.565234] cloud-init[943]: |     ..    . .   |
[   23.565436] cloud-init[943]: |    ...   . o .  |
[   23.565601] cloud-init[943]: |     ... . o B   |
[   23.565741] cloud-init[943]: |     .  . . = o .|
[   23.565879] cloud-init[943]: |o +   . S  .  ...|
[   23.566019] cloud-init[943]: |.+ B . . .  .... |
[   23.566170] cloud-init[943]: |*.B + o   o  o.  |
[   23.566311] cloud-init[943]: |EO = + . . o ..  |
[   23.566459] cloud-init[943]: |Oo+.+   .   .    |
[   23.566589] cloud-init[943]: +----[SHA256]-----+
[   23.566730] cloud-init[943]: Generating public/private ecdsa key pair.
[   23.566870] cloud-init[943]: Your identification has been saved in /etc/ssh/ssh_host_ecdsa_key.
[   23.567013] cloud-init[943]: Your public key has been saved in /etc/ssh/ssh_host_ecdsa_key.pub.
[   23.567164] cloud-init[943]: The key fingerprint is:
[   23.567303] cloud-init[943]: SHA256:KeXKyUbP98iUlQlBmJ64fzPMfrPYvv6+vdPGNX9QJ34 root@ubuntu-xenial
[   23.567444] cloud-init[943]: The key's randomart image is:
[   23.567583] cloud-init[943]: +---[ECDSA 256]---+
[   23.567732] cloud-init[943]: |         +o      |
[   23.567867] cloud-init[943]: |        o  .     |
[   23.568009] cloud-init[943]: |       o...      |
] Listening on ACPID Listen Socket.
[   23.568166] cloud-init[943]: |      .oo. . o. o|
[   23.702695] cloud-init[943]: |      o.S   +. o.|
[   23.703774] cloud-init[943]: |     +.*   o  o.E|
[[0;32m  OK  [0m] Started Daily Cleanup of Temporary Directories.
[[   23.704405] cloud-init[943]: |      *.oo+    +=|
[   23.721477] cloud-init[943]: |     .  .+*=o  o*|
[   23.722361] cloud-init[943]: |         o=*B*++=|
[   23.722852] cloud-init[943]: +----[SHA256]-----+
[   23.723329] cloud-init[943]: Generating public/private ed25519 key pair.
[   23.725012] cloud-init[943]: Your identification has been saved in /etc/ssh/ssh_host_ed25519_key.
[   23.726193] cloud-init[943]: Your public key has been saved in /etc/ssh/ssh_host_ed25519_key.pub.
[   23.726927] cloud-init[943]: The key fingerprint is:
[   23.727301] cloud-init[943]: SHA256:HCHfxMSUTXif60YJFFdIZjeVPhA6FSt6Up3GXQyde0A root@ubuntu-xenial
[   23.727813] cloud-init[943]: The key's randomart image is:
[   23.728971] cloud-init[943]: +--[ED25519 256]--+
[   23.729608] cloud-init[943]: |      . .=+=oBEBO|
[   23.730141] cloud-init[943]: |       o += O=*+=|
[   23.731306] cloud-init[943]: |        o .B Bo+.|
[   23.731815] cloud-init[943]: |       . .o = o+.|
[   23.732969] cloud-init[943]: |        So . . oo|
[   23.734277] cloud-init[943]: |          o   +  |
[   23.734861] cloud-init[943]: |             o   |
[   23.737308] cloud-init[943]: |              o  |
[0;32m  OK  [0m] Reached target Timers.
[   23.737530] cloud-init[943]: |             .   |
[[0;32m  OK  [0m] Reached target Cloud-config availability.
[[   23.961180] cloud-init[943]: +----[SHA256]-----+
[0;32m  OK  [0m] Reached target Network is Online.
         Starting iSCSI initiator daemon (iscsid)...
[[0;32m  OK  [0m] Listening on Socket activation for snappy daemon.
[[0;32m  OK  [0m] Listening on LXD - unix socket.
[[0;32m  OK  [0m] Reached target Sockets.
[[0;32m  OK  [0m] Reached target Basic System.
         Starting Virtualbox guest utils...
[[0;32m  OK  [0m] Started Deferred execution scheduler.
         Starting LXD - container startup/shutdown...
[[0;32m  OK  [0m] Started D-Bus System Message Bus.
         Starting LSB: Record successful boot for GRUB...
         Starting Snappy daemon...
         Starting /etc/rc.local Compatibility...
[[0;32m  OK  [0m] Started FUSE filesystem for LXC.
[[0;32m  OK  [0m] Started Regular background program processing daemon.
         Starting Login Service...
[[0;32m  OK  [0m] Started Unattended Upgrades Shutdown.
         Starting System Logging Service...
[[0;32m  OK  [0m] Started ACPI event daemon.
         Starting Accounts Service...
         Starting Pollinate to seed the pseudo random number generator...
         Starting LSB: MD monitoring daemon...
[[0;32m  OK  [0m] Started /etc/rc.local Compatibility.
[[0;32m  OK  [0m] Started Login Service.
[[0;32m  OK  [0m] Started LSB: Record successful boot for GRUB.
[[0;32m  OK  [0m] Started iSCSI initiator daemon (iscsid).
         Starting Login to default iSCSI targets...
[[0;32m  OK  [0m] Started LSB: MD monitoring daemon.
[[0;32m  OK  [0m] Started System Logging Service.
[[0;32m  OK  [0m] Started Login to default iSCSI targets.
[[0;32m  OK  [0m] Reached target Remote File Systems (Pre).
[[0;32m  OK  [0m] Reached target Remote File Systems.
         Starting LSB: Set the CPU Frequency Scaling governor to "ondemand"...
         Starting LSB: automatic crash report generation...
         Starting LSB: daemon to balance interrupts for SMP systems...
         Starting Permit User Sessions...
[[0;32m  OK  [0m] Started LSB: Set the CPU Frequency Scaling governor to "ondemand".
[[0;32m  OK  [0m] Started Virtualbox guest utils.
[[0;32m  OK  [0m] Started Permit User Sessions.
         Starting Hold until boot process finishes up...
         Starting Terminate Plymouth Boot Screen...
[[0;32m  OK  [0m] Started LSB: daemon to balance interrupts for SMP systems.
[[0;32m  OK  [0m] Started Hold until boot process finishes up.
[[0;32m  OK  [0m] Started Terminate Plymouth Boot Screen.
[[0;32m  OK  [0m] Started LSB: automatic crash report generation.
[[0;32m  OK  [0m] Started Serial Getty on ttyS0.
         Starting Set console scheme...
[[0;32m  OK  [0m] Started Getty on tty1.
[[0;32m  OK  [0m] Reached target Login Prompts.
[[0;32m  OK  [0m] Started Set console scheme.
         Starting Authenticate and Authorize Users to Run Privileged Tasks...
[[0;32m  OK  [0m] Started Authenticate and Authorize Users to Run Privileged Tasks.
[[0;32m  OK  [0m] Started Accounts Service.
[[0;32m  OK  [0m] Started LXD - container startup/shutdown.
[[0;32m  OK  [0m] Started Snappy daemon.
         Starting Wait until snapd is fully seeded...
[[0;32m  OK  [0m] Started Pollinate to seed the pseudo random number generator.
         Starting OpenBSD Secure Shell server...
[[0;32m  OK  [0m] Started OpenBSD Secure Shell server.
[[0;32m  OK  [0m] Created slice User Slice of vagrant.
         Starting User Manager for UID 1000...
[[0;32m  OK  [0m] Started Session 1 of user vagrant.
[[0;32m  OK  [0m] Started User Manager for UID 1000.

Ubuntu 16.04.5 LTS ubuntu-xenial ttyS0

ubuntu-xenial login: [   41.766661] cloud-init[1539]: Generating locales (this might take a while)...
[   42.965795] cloud-init[1539]:   en_US.UTF-8... done
[   42.967101] cloud-init[1539]: Generation complete.
[   47.637197] cloud-init[1539]: Cloud-init v. 18.3-9-g2e62cb8a-0ubuntu1~16.04.2 running 'modules:config' at Thu, 11 Oct 2018 06:26:48 +0000. Up 41.23 seconds.
ci-info: no authorized ssh keys fingerprints found for user ubuntu.
<14>Oct 11 06:26:58 ec2: 
<14>Oct 11 06:26:58 ec2: #############################################################
<14>Oct 11 06:26:58 ec2: -----BEGIN SSH HOST KEY FINGERPRINTS-----
<14>Oct 11 06:26:58 ec2: 1024 SHA256:o1/zRZc6UBNuYxIugpS7awh8D8yaZztiXCy4wy5oKog root@ubuntu-xenial (DSA)
<14>Oct 11 06:26:58 ec2: 256 SHA256:KeXKyUbP98iUlQlBmJ64fzPMfrPYvv6+vdPGNX9QJ34 root@ubuntu-xenial (ECDSA)
<14>Oct 11 06:26:58 ec2: 256 SHA256:HCHfxMSUTXif60YJFFdIZjeVPhA6FSt6Up3GXQyde0A root@ubuntu-xenial (ED25519)
<14>Oct 11 06:26:58 ec2: 2048 SHA256:3zScLe4+Moy8ApKC5BkwrcKUPPVSyDWAtmcZNGYmzSM root@ubuntu-xenial (RSA)
<14>Oct 11 06:26:58 ec2: -----END SSH HOST KEY FINGERPRINTS-----
<14>Oct 11 06:26:58 ec2: #############################################################
-----BEGIN SSH HOST KEY KEYS-----
ecdsa-sha2-nistp256 AAAAE2VjZHNhLXNoYTItbmlzdHAyNTYAAAAIbmlzdHAyNTYAAABBBGNL/cOz05ByVz6xIgSw12HskQ2C2qSP84WjhP1c1sETYkj7UfsIwXAuXxO1eVuYnu1OKrx4888YzFUnKHW/Ghs= root@ubuntu-xenial
ssh-ed25519 AAAAC3NzaC1lZDI1NTE5AAAAIBXFYDd2EZMviOZGwD2LHaIJXG0D8G8JogdPwv6kgNwx root@ubuntu-xenial
ssh-rsa AAAAB3NzaC1yc2EAAAADAQABAAABAQC8I0qDYde2xkJ6U7HyCFn9+VbwTYaaJMdHMwJvkpfUq4Ojk8Cv1ZdHGXUxliZulHVJtGOSzOr7dkaFMHeSFgjyLZm1+VRL9xlHs3KW8oeMSztC9QyB4P/n3CRY3+xHzW2q8DGhesQbTCOB6Mn6ipuU7+coiUAHKsx7enSzNHJd/HrO9ydyP6CAht2V0UActmdeo+m32c++sW4HCZnTr4UeVdS3tKY7qAzs2oVqknElmbqvPWIa0Bciwi/hh0MuEtuXAryK6KiegXloykSfbAAhbYevyOEn8W63fs+iyMzOa3nv8ImpKBUJVpdXcld4XG7wtXiwVJ1YfRnQguTNz367 root@ubuntu-xenial
-----END SSH HOST KEY KEYS-----
[   51.531105] cloud-init[1601]: Cloud-init v. 18.3-9-g2e62cb8a-0ubuntu1~16.04.2 running 'modules:final' at Thu, 11 Oct 2018 06:26:57 +0000. Up 50.73 seconds.
[   51.533700] cloud-init[1601]: ci-info: no authorized ssh keys fingerprints found for user ubuntu.
[   51.533928] cloud-init[1601]: Cloud-init v. 18.3-9-g2e62cb8a-0ubuntu1~16.04.2 finished at Thu, 11 Oct 2018 06:26:58 +0000. Datasource DataSourceNoCloud [seed=/dev/sdb][dsmode=net].  Up 51.52 seconds
